[2026-02-22T10:08:14.061Z] Starting autopilot: 4 phase(s) in 1 wave(s)
[2026-02-22T10:08:14.063Z] Wave 1/1: phases [54, 55, 56, 57]
[2026-02-22T10:08:14.063Z] Phase 54: planning...
[2026-02-22T10:08:14.069Z] Phase 55: planning...
[2026-02-22T10:08:14.072Z] Phase 56: planning...
[2026-02-22T10:08:14.076Z] Phase 57: planning...
[2026-02-22T10:22:05.027Z] Phase 54: plan verification failed (no PLAN.md found) — skipping
[2026-02-22T10:33:00.656Z] Phase 55: plan completed
[2026-02-22T10:33:00.657Z] Phase 56: plan completed
[2026-02-22T10:33:00.657Z] Phase 57: plan completed
[2026-02-22T10:33:00.657Z] Phase 54: skipping execution (planning failed)
[2026-02-22T10:33:00.657Z] Phase 55: executing...
[2026-02-22T11:03:00.585Z] Phase 55: execute FAILED (timeout)
[2026-02-22T11:03:00.585Z] Done: 2/4 phases completed (stopped: Phase 55 execute failed: timeout)
[2026-02-22T11:03:11.811Z] Starting autopilot: 4 phase(s) in 1 wave(s)
[2026-02-22T11:03:11.812Z] Wave 1/1: phases [54, 55, 56, 57]
[2026-02-22T11:03:11.812Z] Phase 54: planning...
[2026-02-22T11:03:11.822Z] Phase 55: planning...
[2026-02-22T11:03:11.836Z] Phase 56: planning...
[2026-02-22T11:03:11.855Z] Phase 57: planning...
[2026-03-01T16:22:08.726Z] Starting autopilot: 8 phase(s) in 8 wave(s)
[2026-03-01T16:22:08.727Z] Wave 1/8: phases [58]
[2026-03-01T16:22:08.727Z] Phase 58: planning...
[2026-03-01T16:38:56.810Z] Phase 58: plan completed
[2026-03-01T16:38:56.811Z] Phase 58: executing...
[2026-03-02T04:20:54.088Z] Phase 65: execute completed
[2026-03-02T04:20:54.088Z] Done: 8/8 phases completed
[2026-03-02T15:16:52.920Z] Starting autopilot: 1 phase(s) in 1 wave(s)
[2026-03-02T15:16:52.921Z] Wave 1/1: phases [66]
[2026-03-02T15:16:52.921Z] Phase 66: planning...
[2026-03-02T15:29:05.377Z] Starting autopilot: 9 phase(s) in 9 wave(s)
[2026-03-02T15:29:05.378Z] Wave 1/9: phases [58]
[2026-03-02T15:29:05.378Z] Wave 2/9: phases [59]
[2026-03-02T15:29:05.378Z] Wave 3/9: phases [60]
[2026-03-02T15:29:05.378Z] Wave 4/9: phases [61]
[2026-03-02T15:29:05.378Z] Wave 5/9: phases [62]
[2026-03-02T15:29:05.378Z] Wave 6/9: phases [63]
[2026-03-02T15:29:05.378Z] Wave 7/9: phases [64]
[2026-03-02T15:29:05.378Z] Wave 8/9: phases [65]
[2026-03-02T15:29:05.378Z] Wave 9/9: phases [66]
[2026-03-02T15:29:05.378Z] Done: 9/9 phases completed
[2026-03-02T15:32:18.090Z] Phase 66: plan completed
[2026-03-02T15:32:18.090Z] Phase 66: executing...
[2026-03-02T16:02:34.539Z] [multi-milestone] Starting multi-milestone autopilot (max: 10, dryRun: true)
[2026-03-02T16:02:34.541Z] [multi-milestone] Milestone 1/10: v0.3.0 (TypeScript Migration & Refactoring - Phases 58-65)
[2026-03-02T16:02:34.544Z] [multi-milestone] v0.3.0: all phases already complete
[2026-03-02T16:02:34.545Z] [multi-milestone] v0.3.0: milestone complete
[2026-03-02T16:02:34.545Z] [multi-milestone] v0.3.0: [dry-run] would complete milestone
[2026-03-02T16:02:34.546Z] [multi-milestone] Next milestone: v0.3.0 (Advanced Workflows)
[2026-03-02T16:02:34.546Z] [multi-milestone] [dry-run] Would create new milestone: v0.3.0
[2026-03-02T16:02:34.546Z] [multi-milestone] Milestone 2/10: v0.3.0 (TypeScript Migration & Refactoring - Phases 58-65)
[2026-03-02T16:02:34.547Z] [multi-milestone] v0.3.0: all phases already complete
[2026-03-02T16:02:34.547Z] [multi-milestone] v0.3.0: milestone complete
[2026-03-02T16:02:34.547Z] [multi-milestone] v0.3.0: [dry-run] would complete milestone
[2026-03-02T16:02:34.547Z] [multi-milestone] Next milestone: v0.3.0 (Advanced Workflows)
[2026-03-02T16:02:34.547Z] [multi-milestone] [dry-run] Would create new milestone: v0.3.0
[2026-03-02T16:02:34.547Z] [multi-milestone] Milestone 3/10: v0.3.0 (TypeScript Migration & Refactoring - Phases 58-65)
[2026-03-02T16:02:34.548Z] [multi-milestone] v0.3.0: all phases already complete
[2026-03-02T16:02:34.548Z] [multi-milestone] v0.3.0: milestone complete
[2026-03-02T16:02:34.548Z] [multi-milestone] v0.3.0: [dry-run] would complete milestone
[2026-03-02T16:02:34.549Z] [multi-milestone] Next milestone: v0.3.0 (Advanced Workflows)
[2026-03-02T16:02:34.549Z] [multi-milestone] [dry-run] Would create new milestone: v0.3.0
[2026-03-02T16:02:34.549Z] [multi-milestone] Milestone 4/10: v0.3.0 (TypeScript Migration & Refactoring - Phases 58-65)
[2026-03-02T16:02:34.549Z] [multi-milestone] v0.3.0: all phases already complete
[2026-03-02T16:02:34.550Z] [multi-milestone] v0.3.0: milestone complete
[2026-03-02T16:02:34.550Z] [multi-milestone] v0.3.0: [dry-run] would complete milestone
[2026-03-02T16:02:34.550Z] [multi-milestone] Next milestone: v0.3.0 (Advanced Workflows)
[2026-03-02T16:02:34.550Z] [multi-milestone] [dry-run] Would create new milestone: v0.3.0
[2026-03-02T16:02:34.550Z] [multi-milestone] Milestone 5/10: v0.3.0 (TypeScript Migration & Refactoring - Phases 58-65)
[2026-03-02T16:02:34.551Z] [multi-milestone] v0.3.0: all phases already complete
[2026-03-02T16:02:34.551Z] [multi-milestone] v0.3.0: milestone complete
[2026-03-02T16:02:34.551Z] [multi-milestone] v0.3.0: [dry-run] would complete milestone
[2026-03-02T16:02:34.551Z] [multi-milestone] Next milestone: v0.3.0 (Advanced Workflows)
[2026-03-02T16:02:34.551Z] [multi-milestone] [dry-run] Would create new milestone: v0.3.0
[2026-03-02T16:02:34.552Z] [multi-milestone] Milestone 6/10: v0.3.0 (TypeScript Migration & Refactoring - Phases 58-65)
[2026-03-02T16:02:34.552Z] [multi-milestone] v0.3.0: all phases already complete
[2026-03-02T16:02:34.553Z] [multi-milestone] v0.3.0: milestone complete
[2026-03-02T16:02:34.553Z] [multi-milestone] v0.3.0: [dry-run] would complete milestone
[2026-03-02T16:02:34.553Z] [multi-milestone] Next milestone: v0.3.0 (Advanced Workflows)
[2026-03-02T16:02:34.553Z] [multi-milestone] [dry-run] Would create new milestone: v0.3.0
[2026-03-02T16:02:34.553Z] [multi-milestone] Milestone 7/10: v0.3.0 (TypeScript Migration & Refactoring - Phases 58-65)
[2026-03-02T16:02:34.553Z] [multi-milestone] v0.3.0: all phases already complete
[2026-03-02T16:02:34.554Z] [multi-milestone] v0.3.0: milestone complete
[2026-03-02T16:02:34.554Z] [multi-milestone] v0.3.0: [dry-run] would complete milestone
[2026-03-02T16:02:34.554Z] [multi-milestone] Next milestone: v0.3.0 (Advanced Workflows)
[2026-03-02T16:02:34.554Z] [multi-milestone] [dry-run] Would create new milestone: v0.3.0
[2026-03-02T16:02:34.554Z] [multi-milestone] Milestone 8/10: v0.3.0 (TypeScript Migration & Refactoring - Phases 58-65)
[2026-03-02T16:02:34.554Z] [multi-milestone] v0.3.0: all phases already complete
[2026-03-02T16:02:34.555Z] [multi-milestone] v0.3.0: milestone complete
[2026-03-02T16:02:34.555Z] [multi-milestone] v0.3.0: [dry-run] would complete milestone
[2026-03-02T16:02:34.555Z] [multi-milestone] Next milestone: v0.3.0 (Advanced Workflows)
[2026-03-02T16:02:34.555Z] [multi-milestone] [dry-run] Would create new milestone: v0.3.0
[2026-03-02T16:02:34.555Z] [multi-milestone] Milestone 9/10: v0.3.0 (TypeScript Migration & Refactoring - Phases 58-65)
[2026-03-02T16:02:34.556Z] [multi-milestone] v0.3.0: all phases already complete
[2026-03-02T16:02:34.556Z] [multi-milestone] v0.3.0: milestone complete
[2026-03-02T16:02:34.556Z] [multi-milestone] v0.3.0: [dry-run] would complete milestone
[2026-03-02T16:02:34.556Z] [multi-milestone] Next milestone: v0.3.0 (Advanced Workflows)
[2026-03-02T16:02:34.556Z] [multi-milestone] [dry-run] Would create new milestone: v0.3.0
[2026-03-02T16:02:34.556Z] [multi-milestone] Milestone 10/10: v0.3.0 (TypeScript Migration & Refactoring - Phases 58-65)
[2026-03-02T16:02:34.557Z] [multi-milestone] v0.3.0: all phases already complete
[2026-03-02T16:02:34.557Z] [multi-milestone] v0.3.0: milestone complete
[2026-03-02T16:02:34.557Z] [multi-milestone] v0.3.0: [dry-run] would complete milestone
[2026-03-02T16:02:34.557Z] [multi-milestone] Next milestone: v0.3.0 (Advanced Workflows)
[2026-03-02T16:02:34.557Z] [multi-milestone] [dry-run] Would create new milestone: v0.3.0
[2026-03-02T16:02:34.557Z] [multi-milestone] Reached maxMilestones cap (10)
[2026-03-02T16:02:34.557Z] [multi-milestone] Multi-milestone autopilot done: 10/10 milestones completed (stopped: Reached maxMilestones cap (10))
[2026-03-02T16:04:12.649Z] [multi-milestone] Starting multi-milestone autopilot (max: 10, dryRun: true)
[2026-03-02T16:04:12.652Z] [multi-milestone] Milestone 1/10: v0.3.0 (TypeScript Migration & Refactoring - Phases 58-65)
[2026-03-02T16:04:12.653Z] [multi-milestone] v0.3.0: all phases already complete
[2026-03-02T16:04:12.654Z] [multi-milestone] v0.3.0: milestone complete
[2026-03-02T16:04:12.654Z] [multi-milestone] v0.3.0: [dry-run] would complete milestone
[2026-03-02T16:04:12.655Z] [multi-milestone] Next milestone: v0.3.0 (Advanced Workflows)
[2026-03-02T16:04:12.655Z] [multi-milestone] [dry-run] Would create new milestone: v0.3.0
[2026-03-02T16:04:12.655Z] [multi-milestone] Milestone 2/10: v0.3.0 (TypeScript Migration & Refactoring - Phases 58-65)
[2026-03-02T16:04:12.655Z] [multi-milestone] v0.3.0: all phases already complete
[2026-03-02T16:04:12.656Z] [multi-milestone] v0.3.0: milestone complete
[2026-03-02T16:04:12.656Z] [multi-milestone] v0.3.0: [dry-run] would complete milestone
[2026-03-02T16:04:12.656Z] [multi-milestone] Next milestone: v0.3.0 (Advanced Workflows)
[2026-03-02T16:04:12.656Z] [multi-milestone] [dry-run] Would create new milestone: v0.3.0
[2026-03-02T16:04:12.656Z] [multi-milestone] Milestone 3/10: v0.3.0 (TypeScript Migration & Refactoring - Phases 58-65)
[2026-03-02T16:04:12.657Z] [multi-milestone] v0.3.0: all phases already complete
[2026-03-02T16:04:12.657Z] [multi-milestone] v0.3.0: milestone complete
[2026-03-02T16:04:12.657Z] [multi-milestone] v0.3.0: [dry-run] would complete milestone
[2026-03-02T16:04:12.657Z] [multi-milestone] Next milestone: v0.3.0 (Advanced Workflows)
[2026-03-02T16:04:12.657Z] [multi-milestone] [dry-run] Would create new milestone: v0.3.0
[2026-03-02T16:04:12.657Z] [multi-milestone] Milestone 4/10: v0.3.0 (TypeScript Migration & Refactoring - Phases 58-65)
[2026-03-02T16:04:12.658Z] [multi-milestone] v0.3.0: all phases already complete
[2026-03-02T16:04:12.658Z] [multi-milestone] v0.3.0: milestone complete
[2026-03-02T16:04:12.658Z] [multi-milestone] v0.3.0: [dry-run] would complete milestone
[2026-03-02T16:04:12.658Z] [multi-milestone] Next milestone: v0.3.0 (Advanced Workflows)
[2026-03-02T16:04:12.659Z] [multi-milestone] [dry-run] Would create new milestone: v0.3.0
[2026-03-02T16:04:12.659Z] [multi-milestone] Milestone 5/10: v0.3.0 (TypeScript Migration & Refactoring - Phases 58-65)
[2026-03-02T16:04:12.660Z] [multi-milestone] v0.3.0: all phases already complete
[2026-03-02T16:04:12.661Z] [multi-milestone] v0.3.0: milestone complete
[2026-03-02T16:04:12.661Z] [multi-milestone] v0.3.0: [dry-run] would complete milestone
[2026-03-02T16:04:12.661Z] [multi-milestone] Next milestone: v0.3.0 (Advanced Workflows)
[2026-03-02T16:04:12.661Z] [multi-milestone] [dry-run] Would create new milestone: v0.3.0
[2026-03-02T16:04:12.661Z] [multi-milestone] Milestone 6/10: v0.3.0 (TypeScript Migration & Refactoring - Phases 58-65)
[2026-03-02T16:04:12.662Z] [multi-milestone] v0.3.0: all phases already complete
[2026-03-02T16:04:12.663Z] [multi-milestone] v0.3.0: milestone complete
[2026-03-02T16:04:12.664Z] [multi-milestone] v0.3.0: [dry-run] would complete milestone
[2026-03-02T16:04:12.664Z] [multi-milestone] Next milestone: v0.3.0 (Advanced Workflows)
[2026-03-02T16:04:12.664Z] [multi-milestone] [dry-run] Would create new milestone: v0.3.0
[2026-03-02T16:04:12.664Z] [multi-milestone] Milestone 7/10: v0.3.0 (TypeScript Migration & Refactoring - Phases 58-65)
[2026-03-02T16:04:12.664Z] [multi-milestone] v0.3.0: all phases already complete
[2026-03-02T16:04:12.665Z] [multi-milestone] v0.3.0: milestone complete
[2026-03-02T16:04:12.665Z] [multi-milestone] v0.3.0: [dry-run] would complete milestone
[2026-03-02T16:04:12.665Z] [multi-milestone] Next milestone: v0.3.0 (Advanced Workflows)
[2026-03-02T16:04:12.665Z] [multi-milestone] [dry-run] Would create new milestone: v0.3.0
[2026-03-02T16:04:12.666Z] [multi-milestone] Milestone 8/10: v0.3.0 (TypeScript Migration & Refactoring - Phases 58-65)
[2026-03-02T16:04:12.666Z] [multi-milestone] v0.3.0: all phases already complete
[2026-03-02T16:04:12.667Z] [multi-milestone] v0.3.0: milestone complete
[2026-03-02T16:04:12.667Z] [multi-milestone] v0.3.0: [dry-run] would complete milestone
[2026-03-02T16:04:12.667Z] [multi-milestone] Next milestone: v0.3.0 (Advanced Workflows)
[2026-03-02T16:04:12.667Z] [multi-milestone] [dry-run] Would create new milestone: v0.3.0
[2026-03-02T16:04:12.667Z] [multi-milestone] Milestone 9/10: v0.3.0 (TypeScript Migration & Refactoring - Phases 58-65)
[2026-03-02T16:04:12.667Z] [multi-milestone] v0.3.0: all phases already complete
[2026-03-02T16:04:12.668Z] [multi-milestone] v0.3.0: milestone complete
[2026-03-02T16:04:12.668Z] [multi-milestone] v0.3.0: [dry-run] would complete milestone
[2026-03-02T16:04:12.668Z] [multi-milestone] Next milestone: v0.3.0 (Advanced Workflows)
[2026-03-02T16:04:12.668Z] [multi-milestone] [dry-run] Would create new milestone: v0.3.0
[2026-03-02T16:04:12.668Z] [multi-milestone] Milestone 10/10: v0.3.0 (TypeScript Migration & Refactoring - Phases 58-65)
[2026-03-02T16:04:12.669Z] [multi-milestone] v0.3.0: all phases already complete
[2026-03-02T16:04:12.670Z] [multi-milestone] v0.3.0: milestone complete
[2026-03-02T16:04:12.670Z] [multi-milestone] v0.3.0: [dry-run] would complete milestone
[2026-03-02T16:04:12.670Z] [multi-milestone] Next milestone: v0.3.0 (Advanced Workflows)
[2026-03-02T16:04:12.670Z] [multi-milestone] [dry-run] Would create new milestone: v0.3.0
[2026-03-02T16:04:12.670Z] [multi-milestone] Reached maxMilestones cap (10)
[2026-03-02T16:04:12.670Z] [multi-milestone] Multi-milestone autopilot done: 10/10 milestones completed (stopped: Reached maxMilestones cap (10))
[2026-03-02T16:05:37.315Z] [multi-milestone] Starting multi-milestone autopilot (max: 2, dryRun: true)
[2026-03-02T16:05:37.317Z] [multi-milestone] Milestone 1/2: v0.3.0 (TypeScript Migration & Refactoring - Phases 58-65)
[2026-03-02T16:05:37.319Z] [multi-milestone] v0.3.0: all phases already complete
[2026-03-02T16:05:37.319Z] [multi-milestone] v0.3.0: milestone complete
[2026-03-02T16:05:37.319Z] [multi-milestone] v0.3.0: [dry-run] would complete milestone
[2026-03-02T16:05:37.320Z] [multi-milestone] Next milestone: v0.3.0 (Advanced Workflows)
[2026-03-02T16:05:37.320Z] [multi-milestone] [dry-run] Would create new milestone: v0.3.0
[2026-03-02T16:05:37.320Z] [multi-milestone] Milestone 2/2: v0.3.0 (TypeScript Migration & Refactoring - Phases 58-65)
[2026-03-02T16:05:37.321Z] [multi-milestone] v0.3.0: all phases already complete
[2026-03-02T16:05:37.321Z] [multi-milestone] v0.3.0: milestone complete
[2026-03-02T16:05:37.321Z] [multi-milestone] v0.3.0: [dry-run] would complete milestone
[2026-03-02T16:05:37.321Z] [multi-milestone] Next milestone: v0.3.0 (Advanced Workflows)
[2026-03-02T16:05:37.321Z] [multi-milestone] [dry-run] Would create new milestone: v0.3.0
[2026-03-02T16:05:37.321Z] [multi-milestone] Reached maxMilestones cap (2)
[2026-03-02T16:05:37.321Z] [multi-milestone] Multi-milestone autopilot done: 2/2 milestones completed (stopped: Reached maxMilestones cap (2))
[2026-03-02T16:05:38.114Z] [multi-milestone] Starting multi-milestone autopilot (max: 2, dryRun: true)
[2026-03-02T16:05:38.116Z] [multi-milestone] Milestone 1/2: v0.3.0 (TypeScript Migration & Refactoring - Phases 58-65)
[2026-03-02T16:05:38.118Z] [multi-milestone] v0.3.0: all phases already complete
[2026-03-02T16:05:38.119Z] [multi-milestone] v0.3.0: milestone complete
[2026-03-02T16:05:38.120Z] [multi-milestone] v0.3.0: [dry-run] would complete milestone
[2026-03-02T16:05:38.120Z] [multi-milestone] Next milestone: v0.3.0 (Advanced Workflows)
[2026-03-02T16:05:38.120Z] [multi-milestone] [dry-run] Would create new milestone: v0.3.0
[2026-03-02T16:05:38.121Z] [multi-milestone] Milestone 2/2: v0.3.0 (TypeScript Migration & Refactoring - Phases 58-65)
[2026-03-02T16:05:38.121Z] [multi-milestone] v0.3.0: all phases already complete
[2026-03-02T16:05:38.122Z] [multi-milestone] v0.3.0: milestone complete
[2026-03-02T16:05:38.122Z] [multi-milestone] v0.3.0: [dry-run] would complete milestone
[2026-03-02T16:05:38.122Z] [multi-milestone] Next milestone: v0.3.0 (Advanced Workflows)
[2026-03-02T16:05:38.122Z] [multi-milestone] [dry-run] Would create new milestone: v0.3.0
[2026-03-02T16:05:38.122Z] [multi-milestone] Reached maxMilestones cap (2)
[2026-03-02T16:05:38.122Z] [multi-milestone] Multi-milestone autopilot done: 2/2 milestones completed (stopped: Reached maxMilestones cap (2))
[2026-03-02T16:08:49.339Z] Phase 66: execute completed
[2026-03-02T16:08:49.340Z] Done: 1/1 phases completed
[2026-03-02T16:45:03.387Z] Starting autopilot: 1 phase(s) in 1 wave(s)
[2026-03-02T16:45:03.388Z] Wave 1/1: phases [67]
[2026-03-02T16:45:03.388Z] Phase 67: planning...
[2026-03-02T17:11:17.248Z] Phase 67: plan completed
[2026-03-02T17:11:17.248Z] Phase 67: executing...
[2026-03-02T17:57:04.736Z] Phase 67: execute completed
[2026-03-02T17:57:04.737Z] Done: 1/1 phases completed
[2026-03-02T18:04:17.748Z] Starting autopilot: 1 phase(s) in 1 wave(s)
[2026-03-02T18:04:17.748Z] Wave 1/1: phases [68]
[2026-03-02T18:04:17.748Z] Phase 68: planning...
[2026-03-02T18:31:24.159Z] Phase 68: plan completed
[2026-03-02T18:31:24.159Z] Phase 68: executing...
[2026-03-02T19:28:43.325Z] Phase 68: execute completed
[2026-03-02T19:28:43.325Z] Done: 1/1 phases completed
[2026-03-10T10:45:48.757Z] Starting autopilot: 2 phase(s) in 1 wave(s)
[2026-03-10T10:45:48.758Z] Wave 1/1: phases [69, 70]
[2026-03-10T10:45:48.758Z] Phase 69: planning...
[2026-03-10T10:45:48.762Z] Phase 70: planning...
[2026-03-10T10:53:25.028Z] Phase 69: plan completed
[2026-03-10T10:56:04.043Z] Phase 70: plan completed
[2026-03-10T10:56:04.044Z] Phase 69: executing...
[2026-03-10T11:06:59.325Z] Phase 69: execute completed
[2026-03-10T11:06:59.326Z] Phase 70: executing...
[2026-03-10T11:24:52.879Z] Phase 70: execute completed
[2026-03-10T11:24:52.880Z] Done: 2/2 phases completed
[2026-03-10T23:49:12.667Z] Starting autopilot: 3 phase(s) in 1 wave(s)
[2026-03-10T23:49:12.669Z] Wave 1/1: phases [71, 72, 73]
[2026-03-10T23:49:12.669Z] Phase 71: planning...
[2026-03-10T23:49:12.671Z] Phase 72: planning...
[2026-03-10T23:49:12.671Z] Phase 73: planning...
[2026-03-11T00:06:57.856Z] Phase 71: plan completed
[2026-03-11T00:07:49.499Z] Phase 72: plan completed
[2026-03-11T00:07:49.500Z] Phase 73: plan completed
[2026-03-11T00:07:49.500Z] Phase 71: executing...
[2026-03-11T00:42:44.670Z] Phase 71: execute completed
[2026-03-11T00:42:44.671Z] Phase 72: executing...
[2026-03-11T00:58:17.838Z] Phase 72: execute completed
[2026-03-11T00:58:17.838Z] Phase 73: executing...
[2026-03-11T01:11:02.962Z] Phase 73: execute completed
[2026-03-11T01:11:02.963Z] Done: 3/3 phases completed
[2026-03-20T11:16:22.378Z] Starting autopilot: 4 phase(s) in 1 wave(s)
[2026-03-20T11:16:22.379Z] Wave 1/1: phases [78, 79, 80, 81]
[2026-03-20T11:16:22.379Z] Phase 78: planning...
[2026-03-20T11:16:22.381Z] Phase 79: planning...
[2026-03-20T11:16:22.382Z] Phase 80: planning...
[2026-03-20T11:16:22.382Z] Phase 81: planning...
[2026-03-20T11:34:35.240Z] Phase 78: plan completed
[2026-03-20T11:34:35.253Z] Phase 79: plan completed
[2026-03-20T11:37:31.803Z] Phase 80: plan completed
[2026-03-20T11:44:02.539Z] Phase 81: plan completed
[2026-03-20T11:44:02.544Z] Phase 78: executing...
[2026-03-20T12:26:53.693Z] Phase 78: execute completed
[2026-03-20T12:26:53.695Z] Phase 79: executing...
[2026-03-20T13:10:29.064Z] Phase 79: execute completed
[2026-03-20T13:10:29.065Z] Phase 80: executing...
[2026-03-20T13:11:46.568Z] Phase 80: execute FAILED (exit code 1)
[2026-03-20T13:11:46.570Z] Phase 81: executing...
[2026-03-20T13:11:50.151Z] Phase 81: execute FAILED (exit code 1)
[2026-03-20T13:11:50.153Z] Done: 2/4 phases completed
[2026-03-21T06:30:58.862Z] Starting autopilot: 2 phase(s) in 1 wave(s)
[2026-03-21T06:30:58.865Z] Wave 1/1: phases [80, 81]
[2026-03-21T06:30:58.866Z] Phase 80: executing...
[2026-03-21T07:12:12.062Z] Phase 80: execute completed
[2026-03-21T07:12:12.074Z] Phase 81: executing...
[2026-03-21T08:08:13.734Z] Phase 81: execute completed
[2026-03-21T08:08:13.745Z] Done: 2/2 phases completed
[2026-03-23T07:59:17.003Z] Starting autopilot: 4 phase(s) in 4 wave(s)
[2026-03-23T07:59:17.004Z] Wave 1/4: phases [82]
[2026-03-23T07:59:17.005Z] Wave 2/4: phases [83]
[2026-03-23T07:59:17.005Z] Wave 3/4: phases [84]
[2026-03-23T07:59:17.007Z] Wave 4/4: phases [85]
[2026-03-23T07:59:17.007Z] Done: 4/4 phases completed
[2026-03-23T07:59:22.881Z] Starting autopilot: 4 phase(s) in 4 wave(s)
[2026-03-23T07:59:22.882Z] Wave 1/4: phases [82]
[2026-03-23T07:59:22.882Z] Phase 82: planning...
[2026-03-23T08:19:06.468Z] Phase 82: plan completed
[2026-03-23T08:19:07.266Z] Phase 82: executing in worktree /Users/neo/Developer/Projects/GetResearchDone/.worktrees/grd-worktree-v0.3.20-82...
[2026-03-23T11:42:50.921Z] Phase 84: execute completed
[2026-03-23T11:42:50.926Z] Phase 84: starting post-phase pipeline
[2026-03-23T11:42:50.934Z] Phase 84: post-pipeline — simplify
[2026-03-23T11:47:16.429Z] Phase 84: post-pipeline — create PR
[2026-03-23T11:47:21.583Z] Phase 84: PR created — https://github.com/ca1773130n/GetResearchDone/pull/17
[2026-03-23T11:47:21.584Z] Phase 84: post-pipeline — code review
[2026-03-23T11:50:06.454Z] Phase 84: post-pipeline — rebase & merge
[2026-03-23T11:50:06.479Z] Phase 84: rebase conflicts detected, attempting auto-resolution
[2026-03-23T11:51:00.471Z] Phase 84: post-pipeline FAILED at merge: failed to run git: fatal: 'main' is already used by worktree at '/Users/neo/Developer/Projects/GetResearchDone'


[2026-03-23T11:51:00.473Z] Done: 0/1 phases completed (stopped: Phase 84 post-pipeline failed at merge)
[2026-03-23T11:51:19.157Z] Starting autopilot: 1 phase(s) in 1 wave(s)
[2026-03-23T11:51:19.158Z] Wave 1/1: phases [85]
[2026-03-23T11:51:19.158Z] Phase 85: planning...
[2026-03-23T12:06:29.464Z] Phase 85: plan completed
[2026-03-23T12:06:30.015Z] Phase 85: executing in worktree /Users/neo/Developer/Projects/GetResearchDone/.worktrees/grd-worktree-v0.3.20-85...
[2026-03-23T12:37:44.289Z] Phase 85: execute completed
[2026-03-23T12:37:44.291Z] Phase 85: starting post-phase pipeline
[2026-03-23T12:37:44.295Z] Phase 85: post-pipeline — simplify
[2026-03-23T12:42:11.917Z] Phase 85: post-pipeline — create PR
[2026-03-23T12:42:17.143Z] Phase 85: PR created — https://github.com/ca1773130n/GetResearchDone/pull/18
[2026-03-23T12:42:17.143Z] Phase 85: post-pipeline — code review
[2026-03-23T12:48:41.941Z] Phase 85: post-pipeline — rebase & merge
[2026-03-23T12:48:41.966Z] Phase 85: rebase conflicts detected, attempting auto-resolution
[2026-03-23T12:49:16.955Z] Phase 85: post-pipeline FAILED at merge: ! Pull request ca1773130n/GetResearchDone#18 was already merged
failed to run git: fatal: 'main' is already used by worktree at '/Users/neo/Developer/Projects/GetResearchDone'


[2026-03-23T12:49:16.960Z] Done: 0/1 phases completed (stopped: Phase 85 post-pipeline failed at merge)
[2026-03-23T14:54:06.130Z] Starting autopilot: 7 phase(s) in 4 wave(s)
[2026-03-23T14:54:06.131Z] Wave 1/4: phases [82, 86]
[2026-03-23T14:54:06.132Z] Phase 82: planning...
[2026-03-23T14:54:06.137Z] Phase 86: planning...
[2026-03-23T15:09:53.325Z] Phase 82: plan completed
[2026-03-23T15:09:53.333Z] Phase 86: plan completed
[2026-03-23T15:09:53.812Z] Phase 82: executing in worktree /Users/neo/Developer/Projects/GetResearchDone/.worktrees/grd-worktree-v0.3.21-82...
[2026-03-23T15:09:54.144Z] Phase 86: executing in worktree /Users/neo/Developer/Projects/GetResearchDone/.worktrees/grd-worktree-v0.3.21-86...
[2026-03-23T16:04:06.250Z] Phase 82: execute completed
[2026-03-23T16:04:06.253Z] Phase 82: starting post-phase pipeline
[2026-03-23T16:04:06.258Z] Phase 82: post-pipeline — simplify
[2026-03-23T16:11:30.271Z] Phase 82: post-pipeline — create PR
[2026-03-23T16:11:35.869Z] Phase 82: PR created — https://github.com/ca1773130n/GetResearchDone/pull/19
[2026-03-23T16:11:35.870Z] Phase 82: post-pipeline — code review
[2026-03-25T02:15:46.005Z] Starting autopilot: 14 phase(s) in 14 wave(s)
[2026-03-25T02:15:46.006Z] Wave 1/14: phases [87]
[2026-03-25T02:15:46.007Z] Wave 2/14: phases [88]
[2026-03-25T02:15:46.007Z] Wave 3/14: phases [89]
[2026-03-25T02:15:46.008Z] Wave 4/14: phases [90]
[2026-03-25T02:15:46.008Z] Wave 5/14: phases [91]
[2026-03-25T02:15:46.008Z] Wave 6/14: phases [92]
[2026-03-25T02:15:46.009Z] Wave 7/14: phases [93]
[2026-03-25T02:15:46.009Z] Wave 8/14: phases [94]
[2026-03-25T02:15:46.010Z] Wave 9/14: phases [95]
[2026-03-25T02:15:46.010Z] Wave 10/14: phases [96]
[2026-03-25T02:15:46.010Z] Wave 11/14: phases [97]
[2026-03-25T02:15:46.011Z] Wave 12/14: phases [98]
[2026-03-25T02:15:46.011Z] Wave 13/14: phases [99]
[2026-03-25T02:15:46.011Z] Wave 14/14: phases [100]
[2026-03-25T02:15:46.012Z] Done: 14/14 phases completed
[2026-03-25T02:15:54.255Z] Starting autopilot: 8 phase(s) in 8 wave(s)
[2026-03-25T02:15:54.255Z] Wave 1/8: phases [93]
[2026-03-25T02:15:54.564Z] Phase 93: executing in worktree /Users/neo/Developer/Projects/GetResearchDone/.worktrees/grd-worktree-v0.3.22-93...
[2026-03-25T03:09:41.039Z] Phase 93: execute completed
[2026-03-25T03:09:41.214Z] Wave 2/8: phases [94]
[2026-03-25T03:09:41.495Z] Phase 94: executing in worktree /Users/neo/Developer/Projects/GetResearchDone/.worktrees/grd-worktree-v0.3.22-94...
[2026-03-25T03:35:06.280Z] Phase 94: execute FAILED (exit code 1)
[2026-03-25T03:35:06.450Z] Done: 1/2 phases completed (stopped: Phase 94 execute failed: exit code 1)
[2026-03-25T03:35:08.932Z] STOP_FAILURE: reason=unknown error=(none) agent=unknown
[2026-03-25T04:53:08.233Z] Starting autopilot: 7 phase(s) in 7 wave(s)
[2026-03-25T04:53:08.234Z] Wave 1/7: phases [94]
[2026-03-25T04:53:08.327Z] Phase 94: failed to create worktree: Preparing worktree (new branch 'grd/v0.3.22/94-94')
fatal: a branch named 'grd/v0.3.22/94-94' already exists
[2026-03-25T04:53:08.328Z] Wave 2/7: phases [95]
[2026-03-25T04:53:08.329Z] Wave 3/7: phases [96]
[2026-03-25T04:53:08.329Z] Phase 96: planning...
[2026-03-25T05:06:28.275Z] Phase 96: plan completed
[2026-03-25T05:06:28.578Z] Phase 96: executing in worktree /Users/neo/Developer/Projects/GetResearchDone/.worktrees/grd-worktree-v0.3.22-96...
[2026-03-25T06:31:05.856Z] Phase 96: execute completed
[2026-03-25T06:31:06.069Z] Wave 4/7: phases [97]
[2026-03-25T06:31:06.074Z] Phase 97: planning...
[2026-03-25T06:47:01.779Z] Phase 97: plan completed
[2026-03-25T06:47:02.118Z] Phase 97: executing in worktree /Users/neo/Developer/Projects/GetResearchDone/.worktrees/grd-worktree-v0.3.22-97...
[2026-03-25T07:20:42.639Z] Phase 97: execute completed
[2026-03-25T07:20:42.851Z] Wave 5/7: phases [98]
[2026-03-25T07:20:42.854Z] Phase 98: planning...
[2026-03-25T07:34:22.679Z] Phase 98: plan completed
[2026-03-25T07:34:23.003Z] Phase 98: executing in worktree /Users/neo/Developer/Projects/GetResearchDone/.worktrees/grd-worktree-v0.3.22-98...
[2026-03-25T07:47:25.418Z] Phase 98: execute completed
[2026-03-25T07:47:25.617Z] Wave 6/7: phases [99]
[2026-03-25T07:47:25.624Z] Phase 99: planning...
[2026-03-25T08:03:08.017Z] Phase 99: plan completed
[2026-03-25T08:03:08.330Z] Phase 99: executing in worktree /Users/neo/Developer/Projects/GetResearchDone/.worktrees/grd-worktree-v0.3.22-99...
[2026-03-25T08:30:39.526Z] Phase 99: execute completed
[2026-03-25T08:30:39.742Z] Wave 7/7: phases [100]
[2026-03-25T08:30:39.748Z] Phase 100: planning...
[2026-03-25T08:48:24.554Z] Phase 100: plan completed
[2026-03-25T08:48:24.889Z] Phase 100: executing in worktree /Users/neo/Developer/Projects/GetResearchDone/.worktrees/grd-worktree-v0.3.22-100...
[2026-03-25T09:12:15.496Z] Phase 100: execute completed
[2026-03-25T09:12:15.666Z] Done: 6/7 phases completed
[2026-03-25T09:12:58.140Z] Starting autopilot: 1 phase(s) in 1 wave(s)
[2026-03-25T09:12:58.140Z] Wave 1/1: phases [94]
[2026-03-25T09:12:58.459Z] Phase 94: executing in worktree /Users/neo/Developer/Projects/GetResearchDone/.worktrees/grd-worktree-v0.3.22-94...
[2026-03-25T09:32:57.898Z] Phase 94: execute completed
[2026-03-25T09:32:58.081Z] Done: 1/1 phases completed
[2026-03-28T07:19:21.917Z] Starting autopilot: 14 phase(s) in 14 wave(s)
[2026-03-28T07:19:21.918Z] Wave 1/14: phases [87]
[2026-03-28T07:19:21.918Z] Wave 2/14: phases [88]
[2026-03-28T07:19:21.919Z] Wave 3/14: phases [89]
[2026-03-28T07:19:21.919Z] Wave 4/14: phases [90]
[2026-03-28T07:19:21.920Z] Wave 5/14: phases [91]
[2026-03-28T07:19:21.920Z] Wave 6/14: phases [92]
[2026-03-28T07:19:21.921Z] Wave 7/14: phases [93]
[2026-03-28T07:19:21.921Z] Wave 8/14: phases [94]
[2026-03-28T07:19:21.922Z] Wave 9/14: phases [95]
[2026-03-28T07:19:21.922Z] Wave 10/14: phases [96]
[2026-03-28T07:19:21.923Z] Wave 11/14: phases [97]
[2026-03-28T07:19:21.923Z] Wave 12/14: phases [98]
[2026-03-28T07:19:21.924Z] Wave 13/14: phases [99]
[2026-03-28T07:19:21.924Z] Wave 14/14: phases [100]
[2026-03-28T07:19:21.925Z] Done: 14/14 phases completed
[2026-03-28T07:19:34.156Z] Starting autopilot: 14 phase(s) in 14 wave(s)
[2026-03-28T07:19:34.157Z] Wave 1/14: phases [87]
[2026-03-28T07:19:34.157Z] Phase 87: planning...
[2026-03-28T07:20:42.634Z] Phase 87: plan completed
[2026-03-28T07:20:42.939Z] Phase 87: executing in worktree /Users/neo/Developer/Projects/GetResearchDone/.worktrees/grd-worktree-v0.3.22-87...
[2026-03-28T07:22:02.847Z] Phase 87: execute completed
[2026-03-28T07:22:02.848Z] Phase 87: starting post-phase pipeline
[2026-03-28T07:22:02.850Z] Phase 87: post-pipeline — simplify
[2026-03-28T07:23:08.081Z] Phase 87: post-pipeline — create PR
[2026-03-28T07:23:14.060Z] Phase 87: PR created — https://github.com/ca1773130n/GetResearchDone/pull/28
[2026-03-28T07:23:14.061Z] Phase 87: post-pipeline — code review
[2026-03-28T07:40:23.494Z] Phase 87: post-pipeline — rebase & merge
[2026-03-28T07:40:28.596Z] Phase 87: post-pipeline FAILED at merge: failed to run git: fatal: 'main' is already used by worktree at '/Users/neo/Developer/Projects/GetResearchDone'


[2026-03-28T07:40:28.598Z] Done: 0/1 phases completed (stopped: Phase 87 post-pipeline failed at merge)
[2026-03-28T07:40:59.448Z] Starting autopilot: 14 phase(s) in 14 wave(s)
[2026-03-28T07:40:59.449Z] Wave 1/14: phases [87]
[2026-03-28T07:40:59.449Z] Phase 87: planning...
[2026-03-28T07:41:53.149Z] Phase 87: plan completed
[2026-03-28T07:41:53.255Z] Phase 87: failed to create worktree: Preparing worktree (new branch 'grd/v0.3.22/87-87')
fatal: a branch named 'grd/v0.3.22/87-87' already exists
[2026-03-28T07:41:53.255Z] Wave 2/14: phases [88]
[2026-03-28T07:41:53.256Z] Phase 88: planning...
[2026-03-28T07:51:14.390Z] Phase 88: plan completed
[2026-03-28T07:51:14.715Z] Phase 88: executing in worktree /Users/neo/Developer/Projects/GetResearchDone/.worktrees/grd-worktree-v0.3.22-88...
[2026-03-28T08:13:23.525Z] Phase 88: execute completed
[2026-03-28T08:13:23.528Z] Phase 88: starting post-phase pipeline
[2026-03-28T08:13:23.533Z] Phase 88: post-pipeline — simplify
[2026-03-28T08:13:57.567Z] Phase 88: post-pipeline — create PR
[2026-03-28T08:14:01.727Z] Phase 88: PR created — https://github.com/ca1773130n/GetResearchDone/pull/29
[2026-03-28T08:14:01.728Z] Phase 88: post-pipeline — code review
[2026-03-28T08:16:03.971Z] Phase 88: post-pipeline — rebase & merge
[2026-03-28T08:16:08.574Z] Phase 88: post-pipeline FAILED at merge: failed to run git: fatal: 'main' is already used by worktree at '/Users/neo/Developer/Projects/GetResearchDone'


[2026-03-28T08:16:08.575Z] Done: 0/2 phases completed (stopped: Phase 88 post-pipeline failed at merge)
[2026-03-28T08:16:40.468Z] Starting autopilot: 14 phase(s) in 14 wave(s)
[2026-03-28T08:16:40.469Z] Wave 1/14: phases [87]
[2026-03-28T08:16:40.469Z] Phase 87: planning...
[2026-03-28T08:17:45.831Z] Phase 87: plan completed
[2026-03-28T08:17:45.886Z] Phase 87: failed to create worktree: Preparing worktree (new branch 'grd/v0.3.22/87-87')
fatal: a branch named 'grd/v0.3.22/87-87' already exists
[2026-03-28T08:17:45.887Z] Wave 2/14: phases [88]
[2026-03-28T08:17:45.887Z] Phase 88: planning...
[2026-03-28T08:19:42.160Z] Phase 88: plan completed
[2026-03-28T08:19:42.235Z] Phase 88: failed to create worktree: Preparing worktree (new branch 'grd/v0.3.22/88-88')
fatal: a branch named 'grd/v0.3.22/88-88' already exists
[2026-03-28T08:19:42.235Z] Wave 3/14: phases [89]
[2026-03-28T08:19:42.236Z] Phase 89: planning...
[2026-03-28T08:22:50.779Z] Phase 89: plan completed
[2026-03-28T08:22:51.119Z] Phase 89: executing in worktree /Users/neo/Developer/Projects/GetResearchDone/.worktrees/grd-worktree-v0.3.22-89...
[2026-03-28T08:39:59.155Z] Phase 89: execute completed
[2026-03-28T08:39:59.310Z] Wave 4/14: phases [90]
[2026-03-28T08:39:59.311Z] Phase 90: planning...
[2026-03-28T08:45:03.771Z] Phase 90: plan completed
[2026-03-28T08:45:04.139Z] Phase 90: executing in worktree /Users/neo/Developer/Projects/GetResearchDone/.worktrees/grd-worktree-v0.3.22-90...
[2026-03-28T09:17:36.195Z] Phase 90: execute completed
[2026-03-28T09:17:36.393Z] Wave 5/14: phases [91]
[2026-03-28T09:17:36.394Z] Phase 91: planning...
[2026-03-28T09:19:36.689Z] Phase 91: plan completed
[2026-03-28T09:19:37.032Z] Phase 91: executing in worktree /Users/neo/Developer/Projects/GetResearchDone/.worktrees/grd-worktree-v0.3.22-91...
[2026-03-28T09:55:16.741Z] Phase 91: execute completed
[2026-03-28T09:55:16.924Z] Wave 6/14: phases [92]
[2026-03-28T09:55:16.946Z] Wave 7/14: phases [93]
[2026-03-28T09:55:16.956Z] Wave 8/14: phases [94]
[2026-03-28T09:55:16.959Z] Wave 9/14: phases [95]
[2026-03-28T09:55:16.961Z] Wave 10/14: phases [96]
[2026-03-28T09:55:16.964Z] Wave 11/14: phases [97]
[2026-03-28T09:55:17.026Z] Phase 97: failed to create worktree: Preparing worktree (new branch 'grd/v0.3.22/97-97')
fatal: a branch named 'grd/v0.3.22/97-97' already exists
[2026-03-28T09:55:17.026Z] Wave 12/14: phases [98]
[2026-03-28T09:55:17.093Z] Phase 98: failed to create worktree: Preparing worktree (new branch 'grd/v0.3.22/98-98')
fatal: a branch named 'grd/v0.3.22/98-98' already exists
[2026-03-28T09:55:17.093Z] Wave 13/14: phases [99]
[2026-03-28T09:55:17.096Z] Wave 14/14: phases [100]
[2026-03-28T09:55:17.097Z] Done: 10/14 phases completed
[2026-03-28T09:55:46.863Z] Starting autopilot: 14 phase(s) in 14 wave(s)
[2026-03-28T09:55:46.865Z] Wave 1/14: phases [87]
[2026-03-28T09:55:46.866Z] Phase 87: planning...
[2026-03-28T09:57:24.682Z] Phase 87: plan completed
[2026-03-28T09:57:25.022Z] Phase 87: executing in worktree /Users/neo/Developer/Projects/GetResearchDone/.worktrees/grd-worktree-v0.3.22-87...
[2026-03-28T09:58:26.816Z] Phase 87: execute completed
[2026-03-28T09:58:26.934Z] Wave 2/14: phases [88]
[2026-03-28T09:58:26.936Z] Phase 88: planning...
[2026-03-28T10:03:53.338Z] Phase 88: plan completed
[2026-03-28T10:03:53.674Z] Phase 88: executing in worktree /Users/neo/Developer/Projects/GetResearchDone/.worktrees/grd-worktree-v0.3.22-88...
[2026-03-28T10:05:09.266Z] Phase 88: execute completed
[2026-03-28T10:05:09.389Z] Wave 3/14: phases [89]
[2026-03-28T10:05:09.390Z] Phase 89: planning...
[2026-03-28T10:07:12.646Z] Phase 89: plan completed
[2026-03-28T10:07:12.696Z] Phase 89: failed to create worktree: Preparing worktree (new branch 'grd/v0.3.22/89-89')
fatal: a branch named 'grd/v0.3.22/89-89' already exists
[2026-03-28T10:07:12.696Z] Wave 4/14: phases [90]
[2026-03-28T10:07:12.697Z] Phase 90: planning...
[2026-03-28T10:08:55.286Z] Phase 90: plan completed
[2026-03-28T10:08:55.337Z] Phase 90: failed to create worktree: Preparing worktree (new branch 'grd/v0.3.22/90-90')
fatal: a branch named 'grd/v0.3.22/90-90' already exists
[2026-03-28T10:08:55.337Z] Wave 5/14: phases [91]
[2026-03-28T10:08:55.337Z] Phase 91: planning...
[2026-03-28T10:11:18.142Z] Phase 91: plan completed
[2026-03-28T10:11:18.223Z] Phase 91: failed to create worktree: Preparing worktree (new branch 'grd/v0.3.22/91-91')
fatal: a branch named 'grd/v0.3.22/91-91' already exists
[2026-03-28T10:11:18.224Z] Wave 6/14: phases [92]
[2026-03-28T10:11:18.227Z] Wave 7/14: phases [93]
[2026-03-28T10:11:18.228Z] Wave 8/14: phases [94]
[2026-03-28T10:11:18.229Z] Wave 9/14: phases [95]
[2026-03-28T10:11:18.230Z] Wave 10/14: phases [96]
[2026-03-28T10:11:18.231Z] Wave 11/14: phases [97]
[2026-03-28T10:11:18.647Z] Phase 97: executing in worktree /Users/neo/Developer/Projects/GetResearchDone/.worktrees/grd-worktree-v0.3.22-97...
[2026-03-28T10:29:42.349Z] Phase 97: execute completed
[2026-03-28T10:29:42.545Z] Wave 12/14: phases [98]
[2026-03-28T10:29:42.914Z] Phase 98: executing in worktree /Users/neo/Developer/Projects/GetResearchDone/.worktrees/grd-worktree-v0.3.22-98...
[2026-03-28T11:58:36.368Z] Phase 98: execute completed
[2026-03-28T11:58:36.571Z] Wave 13/14: phases [99]
[2026-03-28T11:58:36.580Z] Wave 14/14: phases [100]
[2026-03-28T11:58:36.589Z] Done: 11/14 phases completed
[2026-03-29T10:36:13.261Z] Starting autopilot: 1 phase(s) in 1 wave(s)
[2026-03-29T10:36:13.262Z] Wave 1/1: phases [91]
[2026-03-29T10:36:13.262Z] Phase 91: planning...
[2026-03-29T10:37:58.728Z] Phase 91: plan completed
[2026-03-29T10:37:59.086Z] Phase 91: executing in worktree /Users/neo/Developer/Projects/GetResearchDone/.worktrees/grd-worktree-v0.3.22-91...
[2026-03-29T10:56:40.486Z] Phase 91: execute completed
[2026-03-29T10:56:40.673Z] Done: 1/1 phases completed
